Mild hepatomegaly with early fatty infiltration. Gallbladder wall thickening. Mild splenomegaly. Bilateral renal cortical cysts. Trace ascites. Mild abdominal aorta ectasia. Mild lumbar degenerative changes. No focal hepatic lesions. No gallstones or pericholecystic fluid. No hydronephrosis. Pancreas normal, no peripancreatic fluid. No bowel obstruction or free air. No lymphadenopathy.



